G:/WorkSpace/workspace_STM32CubeIDE/stm32_project_template/driver/drv_dev/source/oled.c:14:6:oled_write_byte	16	static
G:/WorkSpace/workspace_STM32CubeIDE/stm32_project_template/driver/drv_dev/source/oled.c:27:6:oled_write	16	static
G:/WorkSpace/workspace_STM32CubeIDE/stm32_project_template/driver/drv_dev/source/oled.c:41:13:set_col_addr_page	16	static
G:/WorkSpace/workspace_STM32CubeIDE/stm32_project_template/driver/drv_dev/source/oled.c:54:13:set_page_addr_page	16	static
G:/WorkSpace/workspace_STM32CubeIDE/stm32_project_template/driver/drv_dev/source/oled.c:65:6:oled_set_pos	16	static
G:/WorkSpace/workspace_STM32CubeIDE/stm32_project_template/driver/drv_dev/source/oled.c:74:6:oled_clear	144	static
G:/WorkSpace/workspace_STM32CubeIDE/stm32_project_template/driver/drv_dev/source/oled.c:91:6:oled_put_char	40	static
G:/WorkSpace/workspace_STM32CubeIDE/stm32_project_template/driver/drv_dev/source/oled.c:131:6:oled_put_string	16	static
G:/WorkSpace/workspace_STM32CubeIDE/stm32_project_template/driver/drv_dev/source/oled.c:160:6:oled_put_num	32	static
G:/WorkSpace/workspace_STM32CubeIDE/stm32_project_template/driver/drv_dev/source/oled.c:182:6:oled_put_chinese	40	static
G:/WorkSpace/workspace_STM32CubeIDE/stm32_project_template/driver/drv_dev/source/oled.c:223:6:oled_h_scroll	24	static
G:/WorkSpace/workspace_STM32CubeIDE/stm32_project_template/driver/drv_dev/source/oled.c:246:6:oled_hv_scroll	24	static
G:/WorkSpace/workspace_STM32CubeIDE/stm32_project_template/driver/drv_dev/source/oled.c:265:6:oled_v_scroll_area_set	16	static
G:/WorkSpace/workspace_STM32CubeIDE/stm32_project_template/driver/drv_dev/source/oled.c:276:6:oled_init	8	static
