G:/WorkSpace/workspace_STM32CubeIDE/stm32_project_template/driver/drv_per/source/tim.c:23:6:tim1_init	16	static
G:/WorkSpace/workspace_STM32CubeIDE/stm32_project_template/driver/drv_per/source/tim.c:45:6:tim2_init	16	static
G:/WorkSpace/workspace_STM32CubeIDE/stm32_project_template/driver/drv_per/source/tim.c:67:6:tim1_pwm_ch1_init	16	static
G:/WorkSpace/workspace_STM32CubeIDE/stm32_project_template/driver/drv_per/source/tim.c:98:6:tim2_pwm_ch1_init	16	static
G:/WorkSpace/workspace_STM32CubeIDE/stm32_project_template/driver/drv_per/source/tim.c:127:6:tim1_oc_ch1_init	16	static
G:/WorkSpace/workspace_STM32CubeIDE/stm32_project_template/driver/drv_per/source/tim.c:159:6:tim2_ic_ch1_init	16	static
G:/WorkSpace/workspace_STM32CubeIDE/stm32_project_template/driver/drv_per/source/tim.c:186:6:set_pwm_ch1_duty_cycle	16	static
G:/WorkSpace/workspace_STM32CubeIDE/stm32_project_template/driver/drv_per/source/tim.c:196:6:set_tim_timing_handle	16	static
G:/WorkSpace/workspace_STM32CubeIDE/stm32_project_template/driver/drv_per/source/tim.c:201:6:set_tim_capture_handle	16	static
G:/WorkSpace/workspace_STM32CubeIDE/stm32_project_template/driver/drv_per/source/tim.c:206:6:TIM1_UP_IRQHandler	8	static
G:/WorkSpace/workspace_STM32CubeIDE/stm32_project_template/driver/drv_per/source/tim.c:218:6:TIM2_IRQHandler	16	static
