G:/WorkSpace/workspace_STM32CubeIDE/stm32_project_template/common/include/core_cm3.h:1648:22:__NVIC_SetPriority	16	static
G:/WorkSpace/workspace_STM32CubeIDE/stm32_project_template/common/include/core_cm3.h:1695:26:NVIC_EncodePriority	40	static
G:/WorkSpace/workspace_STM32CubeIDE/stm32_project_template/driver/drv_per/source/usart.c:19:6:usart1_send	16	static
G:/WorkSpace/workspace_STM32CubeIDE/stm32_project_template/driver/drv_per/source/usart.c:30:6:usart1_send_str	16	static
G:/WorkSpace/workspace_STM32CubeIDE/stm32_project_template/driver/drv_per/source/usart.c:44:10:usart1_tx_dma	24	static
G:/WorkSpace/workspace_STM32CubeIDE/stm32_project_template/driver/drv_per/source/usart.c:60:10:usart1_rx_dma_int	16	static
G:/WorkSpace/workspace_STM32CubeIDE/stm32_project_template/driver/drv_per/source/usart.c:73:6:usart1_init	8	static
