Archive member included to satisfy reference by file (symbol)

D:/1_sw_install/STM32CubeIDE_1.18.0/STM32CubeIDE/plugins/com.st.stm32cube.ide.mcu.externaltools.gnu-tools-for-stm32.13.3.rel1.win32_1.0.0.202411081344/tools/bin/../lib/gcc/arm-none-eabi/13.3.1/../../../../arm-none-eabi/lib/thumb/v7-m/nofp\libc_nano.a(libc_a-exit.o)
                              D:/1_sw_install/STM32CubeIDE_1.18.0/STM32CubeIDE/plugins/com.st.stm32cube.ide.mcu.externaltools.gnu-tools-for-stm32.13.3.rel1.win32_1.0.0.202411081344/tools/bin/../lib/gcc/arm-none-eabi/13.3.1/../../../../arm-none-eabi/lib/thumb/v7-m/nofp/crt0.o (exit)
D:/1_sw_install/STM32CubeIDE_1.18.0/STM32CubeIDE/plugins/com.st.stm32cube.ide.mcu.externaltools.gnu-tools-for-stm32.13.3.rel1.win32_1.0.0.202411081344/tools/bin/../lib/gcc/arm-none-eabi/13.3.1/../../../../arm-none-eabi/lib/thumb/v7-m/nofp\libc_nano.a(libc_a-findfp.o)
                              D:/1_sw_install/STM32CubeIDE_1.18.0/STM32CubeIDE/plugins/com.st.stm32cube.ide.mcu.externaltools.gnu-tools-for-stm32.13.3.rel1.win32_1.0.0.202411081344/tools/bin/../lib/gcc/arm-none-eabi/13.3.1/../../../../arm-none-eabi/lib/thumb/v7-m/nofp\libc_nano.a(libc_a-exit.o) (__stdio_exit_handler)
D:/1_sw_install/STM32CubeIDE_1.18.0/STM32CubeIDE/plugins/com.st.stm32cube.ide.mcu.externaltools.gnu-tools-for-stm32.13.3.rel1.win32_1.0.0.202411081344/tools/bin/../lib/gcc/arm-none-eabi/13.3.1/../../../../arm-none-eabi/lib/thumb/v7-m/nofp\libc_nano.a(libc_a-fwalk.o)
                              D:/1_sw_install/STM32CubeIDE_1.18.0/STM32CubeIDE/plugins/com.st.stm32cube.ide.mcu.externaltools.gnu-tools-for-stm32.13.3.rel1.win32_1.0.0.202411081344/tools/bin/../lib/gcc/arm-none-eabi/13.3.1/../../../../arm-none-eabi/lib/thumb/v7-m/nofp\libc_nano.a(libc_a-findfp.o) (_fwalk_sglue)
D:/1_sw_install/STM32CubeIDE_1.18.0/STM32CubeIDE/plugins/com.st.stm32cube.ide.mcu.externaltools.gnu-tools-for-stm32.13.3.rel1.win32_1.0.0.202411081344/tools/bin/../lib/gcc/arm-none-eabi/13.3.1/../../../../arm-none-eabi/lib/thumb/v7-m/nofp\libc_nano.a(libc_a-puts.o)
                              ./app/example.o (puts)
D:/1_sw_install/STM32CubeIDE_1.18.0/STM32CubeIDE/plugins/com.st.stm32cube.ide.mcu.externaltools.gnu-tools-for-stm32.13.3.rel1.win32_1.0.0.202411081344/tools/bin/../lib/gcc/arm-none-eabi/13.3.1/../../../../arm-none-eabi/lib/thumb/v7-m/nofp\libc_nano.a(libc_a-sprintf.o)
                              ./driver/drv_dev/source/oled.o (sprintf)
D:/1_sw_install/STM32CubeIDE_1.18.0/STM32CubeIDE/plugins/com.st.stm32cube.ide.mcu.externaltools.gnu-tools-for-stm32.13.3.rel1.win32_1.0.0.202411081344/tools/bin/../lib/gcc/arm-none-eabi/13.3.1/../../../../arm-none-eabi/lib/thumb/v7-m/nofp\libc_nano.a(libc_a-stdio.o)
                              D:/1_sw_install/STM32CubeIDE_1.18.0/STM32CubeIDE/plugins/com.st.stm32cube.ide.mcu.externaltools.gnu-tools-for-stm32.13.3.rel1.win32_1.0.0.202411081344/tools/bin/../lib/gcc/arm-none-eabi/13.3.1/../../../../arm-none-eabi/lib/thumb/v7-m/nofp\libc_nano.a(libc_a-findfp.o) (__sread)
D:/1_sw_install/STM32CubeIDE_1.18.0/STM32CubeIDE/plugins/com.st.stm32cube.ide.mcu.externaltools.gnu-tools-for-stm32.13.3.rel1.win32_1.0.0.202411081344/tools/bin/../lib/gcc/arm-none-eabi/13.3.1/../../../../arm-none-eabi/lib/thumb/v7-m/nofp\libc_nano.a(libc_a-wbuf.o)
                              D:/1_sw_install/STM32CubeIDE_1.18.0/STM32CubeIDE/plugins/com.st.stm32cube.ide.mcu.externaltools.gnu-tools-for-stm32.13.3.rel1.win32_1.0.0.202411081344/tools/bin/../lib/gcc/arm-none-eabi/13.3.1/../../../../arm-none-eabi/lib/thumb/v7-m/nofp\libc_nano.a(libc_a-puts.o) (__swbuf_r)
D:/1_sw_install/STM32CubeIDE_1.18.0/STM32CubeIDE/plugins/com.st.stm32cube.ide.mcu.externaltools.gnu-tools-for-stm32.13.3.rel1.win32_1.0.0.202411081344/tools/bin/../lib/gcc/arm-none-eabi/13.3.1/../../../../arm-none-eabi/lib/thumb/v7-m/nofp\libc_nano.a(libc_a-wsetup.o)
                              D:/1_sw_install/STM32CubeIDE_1.18.0/STM32CubeIDE/plugins/com.st.stm32cube.ide.mcu.externaltools.gnu-tools-for-stm32.13.3.rel1.win32_1.0.0.202411081344/tools/bin/../lib/gcc/arm-none-eabi/13.3.1/../../../../arm-none-eabi/lib/thumb/v7-m/nofp\libc_nano.a(libc_a-puts.o) (__swsetup_r)
D:/1_sw_install/STM32CubeIDE_1.18.0/STM32CubeIDE/plugins/com.st.stm32cube.ide.mcu.externaltools.gnu-tools-for-stm32.13.3.rel1.win32_1.0.0.202411081344/tools/bin/../lib/gcc/arm-none-eabi/13.3.1/../../../../arm-none-eabi/lib/thumb/v7-m/nofp\libc_nano.a(libc_a-memset.o)
                              D:/1_sw_install/STM32CubeIDE_1.18.0/STM32CubeIDE/plugins/com.st.stm32cube.ide.mcu.externaltools.gnu-tools-for-stm32.13.3.rel1.win32_1.0.0.202411081344/tools/bin/../lib/gcc/arm-none-eabi/13.3.1/../../../../arm-none-eabi/lib/thumb/v7-m/nofp/crt0.o (memset)
D:/1_sw_install/STM32CubeIDE_1.18.0/STM32CubeIDE/plugins/com.st.stm32cube.ide.mcu.externaltools.gnu-tools-for-stm32.13.3.rel1.win32_1.0.0.202411081344/tools/bin/../lib/gcc/arm-none-eabi/13.3.1/../../../../arm-none-eabi/lib/thumb/v7-m/nofp\libc_nano.a(libc_a-closer.o)
[...]
Memory Configuration

Name             Origin             Length             Attributes
RAM              0x20000000         0x00005000         xrw
FLASH            0x08000000         0x00010000         xr
*default*        0x00000000         0xffffffff

Linker script and memory map

LOAD D:/1_sw_install/STM32CubeIDE_1.18.0/STM32CubeIDE/plugins/com.st.stm32cube.ide.mcu.externaltools.gnu-tools-for-stm32.13.3.rel1.win32_1.0.0.202411081344/tools/bin/../lib/gcc/arm-none-eabi/13.3.1/thumb/v7-m/nofp/crti.o
LOAD D:/1_sw_install/STM32CubeIDE_1.18.0/STM32CubeIDE/plugins/com.st.stm32cube.ide.mcu.externaltools.gnu-tools-for-stm32.13.3.rel1.win32_1.0.0.202411081344/tools/bin/../lib/gcc/arm-none-eabi/13.3.1/thumb/v7-m/nofp/crtbegin.o
LOAD D:/1_sw_install/STM32CubeIDE_1.18.0/STM32CubeIDE/plugins/com.st.stm32cube.ide.mcu.externaltools.gnu-tools-for-stm32.13.3.rel1.win32_1.0.0.202411081344/tools/bin/../lib/gcc/arm-none-eabi/13.3.1/../../../../arm-none-eabi/lib/thumb/v7-m/nofp/crt0.o
LOAD ./app/example.o
LOAD ./app/main.o
LOAD ./common/source/common.o
LOAD ./common/source/syscalls.o
LOAD ./common/source/sysmem.o
LOAD ./component/mini_printf/mini-printf/mini-printf.o
LOAD ./component/ring_buffer/lwrb/lwrb.o
LOAD ./component/ring_buffer/lwrb/lwrb_ex.o
LOAD ./driver/drv_dev/source/key.o
LOAD ./driver/drv_dev/source/led.o
LOAD ./driver/drv_dev/source/oled.o
LOAD ./driver/drv_per/source/adc.o
LOAD ./driver/drv_per/source/dma.o
LOAD ./driver/drv_per/source/i2c.o
LOAD ./driver/drv_per/source/i2c_io.o
LOAD ./driver/drv_per/source/tim.o
LOAD ./driver/drv_per/source/usart.o
LOAD ./driver/drv_per/source/wdg.o
LOAD ./startup/startup_stm32f103c8tx.o
START GROUP
LOAD D:/1_sw_install/STM32CubeIDE_1.18.0/STM32CubeIDE/plugins/com.st.stm32cube.ide.mcu.externaltools.gnu-tools-for-stm32.13.3.rel1.win32_1.0.0.202411081344/tools/bin/../lib/gcc/arm-none-eabi/13.3.1/../../../../arm-none-eabi/lib/thumb/v7-m/nofp\libc_nano.a
LOAD D:/1_sw_install/STM32CubeIDE_1.18.0/STM32CubeIDE/plugins/com.st.stm32cube.ide.mcu.externaltools.gnu-tools-for-stm32.13.3.rel1.win32_1.0.0.202411081344/tools/bin/../lib/gcc/arm-none-eabi/13.3.1/../../../../arm-none-eabi/lib/thumb/v7-m/nofp\libm.a
END GROUP
START GROUP
LOAD D:/1_sw_install/STM32CubeIDE_1.18.0/STM32CubeIDE/plugins/com.st.stm32cube.ide.mcu.externaltools.gnu-tools-for-stm32.13.3.rel1.win32_1.0.0.202411081344/tools/bin/../lib/gcc/arm-none-eabi/13.3.1/thumb/v7-m/nofp\libgcc.a
LOAD D:/1_sw_install/STM32CubeIDE_1.18.0/STM32CubeIDE/plugins/com.st.stm32cube.ide.mcu.externaltools.gnu-tools-for-stm32.13.3.rel1.win32_1.0.0.202411081344/tools/bin/../lib/gcc/arm-none-eabi/13.3.1/../../../../arm-none-eabi/lib/thumb/v7-m/nofp\libc_nano.a
END GROUP
START GROUP
LOAD D:/1_sw_install/STM32CubeIDE_1.18.0/STM32CubeIDE/plugins/com.st.stm32cube.ide.mcu.externaltools.gnu-tools-for-stm32.13.3.rel1.win32_1.0.0.202411081344/tools/bin/../lib/gcc/arm-none-eabi/13.3.1/thumb/v7-m/nofp\libgcc.a
LOAD D:/1_sw_install/STM32CubeIDE_1.18.0/STM32CubeIDE/plugins/com.st.stm32cube.ide.mcu.externaltools.gnu-tools-for-stm32.13.3.rel1.win32_1.0.0.202411081344/tools/bin/../lib/gcc/arm-none-eabi/13.3.1/../../../../arm-none-eabi/lib/thumb/v7-m/nofp\libc_nano.a
LOAD D:/1_sw_install/STM32CubeIDE_1.18.0/STM32CubeIDE/plugins/com.st.stm32cube.ide.mcu.externaltools.gnu-tools-for-stm32.13.3.rel1.win32_1.0.0.202411081344/tools/bin/../lib/gcc/arm-none-eabi/13.3.1/../../../../arm-none-eabi/lib/thumb/v7-m/nofp\libnosys.a
END GROUP
START GROUP
LOAD D:/1_sw_install/STM32CubeIDE_1.18.0/STM32CubeIDE/plugins/com.st.stm32cube.ide.mcu.externaltools.gnu-tools-for-stm32.13.3.rel1.win32_1.0.0.202411081344/tools/bin/../lib/gcc/arm-none-eabi/13.3.1/thumb/v7-m/nofp\libgcc.a
LOAD D:/1_sw_install/STM32CubeIDE_1.18.0/STM32CubeIDE/plugins/com.st.stm32cube.ide.mcu.externaltools.gnu-tools-for-stm32.13.3.rel1.win32_1.0.0.202411081344/tools/bin/../lib/gcc/arm-none-eabi/13.3.1/../../../../arm-none-eabi/lib/thumb/v7-m/nofp\libc_nano.a
LOAD D:/1_sw_install/STM32CubeIDE_1.18.0/STM32CubeIDE/plugins/com.st.stm32cube.ide.mcu.externaltools.gnu-tools-for-stm32.13.3.rel1.win32_1.0.0.202411081344/tools/bin/../lib/gcc/arm-none-eabi/13.3.1/../../../../arm-none-eabi/lib/thumb/v7-m/nofp\libnosys.a
END GROUP
LOAD D:/1_sw_install/STM32CubeIDE_1.18.0/STM32CubeIDE/plugins/com.st.stm32cube.ide.mcu.externaltools.gnu-tools-for-stm32.13.3.rel1.win32_1.0.0.202411081344/tools/bin/../lib/gcc/arm-none-eabi/13.3.1/thumb/v7-m/nofp/crtend.o
LOAD D:/1_sw_install/STM32CubeIDE_1.18.0/STM32CubeIDE/plugins/com.st.stm32cube.ide.mcu.externaltools.gnu-tools-for-stm32.13.3.rel1.win32_1.0.0.202411081344/tools/bin/../lib/gcc/arm-none-eabi/13.3.1/thumb/v7-m/nofp/crtn.o
                0x20005000                        _estack = (ORIGIN (RAM) + LENGTH (RAM))
                0x00000200                        _Min_Heap_Size = 0x200
                0x00000400                        _Min_Stack_Size = 0x400

.isr_vector     0x08000000      0x130
                0x08000000                        . = ALIGN (0x4)
 *(.isr_vector)
 .isr_vector    0x08000000      0x130 ./startup/startup_stm32f103c8tx.o
                0x08000000                g_pfnVectors
                0x08000130                        . = ALIGN (0x4)

.text           0x08000130     0x1030
                0x08000130                        . = ALIGN (0x4)
 *(.text)
 .text          0x08000130       0x40 D:/1_sw_install/STM32CubeIDE_1.18.0/STM32CubeIDE/plugins/com.st.stm32cube.ide.mcu.externaltools.gnu-tools-for-stm32.13.3.rel1.win32_1.0.0.202411081344/tools/bin/../lib/gcc/arm-none-eabi/13.3.1/thumb/v7-m/nofp/crtbegin.o
 *(.text*)
 .text.example_27_wdg
                0x08000170       0x90 ./app/example.o
                0x08000170                example_27_wdg
 .text.main     0x08000200        0xc ./app/main.o
                0x08000200                main
 .text.__io_putchar
                0x0800020c       0x1c ./common/source/common.o
                0x0800020c                __io_putchar
 .text.delay_ms
                0x08000228       0x54 ./common/source/common.o
                0x08000228                delay_ms
 .text.systemclock_init
                0x0800027c       0x9c ./common/source/common.o
                0x0800027c                systemclock_init
 .text._read    0x08000318       0x3a ./common/source/syscalls.o
                0x08000318                _read
 .text._write   0x08000352       0x38 ./common/source/syscalls.o
                0x08000352                _write
 .text._close   0x0800038a       0x16 ./common/source/syscalls.o
                0x0800038a                _close
 .text._fstat   0x080003a0       0x1e ./common/source/syscalls.o
                0x080003a0                _fstat
 .text._isatty  0x080003be       0x14 ./common/source/syscalls.o
                0x080003be                _isatty
 .text._lseek   0x080003d2       0x18 ./common/source/syscalls.o
                0x080003d2                _lseek
 *fill*         0x080003ea        0x2 
 .text._sbrk    0x080003ec       0x6c ./common/source/sysmem.o
                0x080003ec                _sbrk
 .text.ADC1_2_IRQHandler
                0x08000458       0x20 ./driver/drv_per/source/adc.o
                0x08000458                ADC1_2_IRQHandler
 .text.TIM1_UP_IRQHandler
                0x08000478       0x30 ./driver/drv_per/source/tim.o
                0x08000478                TIM1_UP_IRQHandler
 .text.TIM2_IRQHandler
                0x080004a8       0x78 ./driver/drv_per/source/tim.o
                0x080004a8                TIM2_IRQHandler
 .text.__NVIC_SetPriority
                0x08000520       0x54 ./driver/drv_per/source/usart.o
 .text.NVIC_EncodePriority
                0x08000574       0x64 ./driver/drv_per/source/usart.o
 .text.usart1_send
                0x080005d8       0x30 ./driver/drv_per/source/usart.o
                0x080005d8                usart1_send
 .text.usart1_init
                0x08000608       0xb8 ./driver/drv_per/source/usart.o
                0x08000608                usart1_init
 .text.iwdg_init
                0x080006c0       0x44 ./driver/drv_per/source/wdg.o
                0x080006c0                iwdg_init
 .text.iwdg_feed
                0x08000704       0x18 ./driver/drv_per/source/wdg.o
                0x08000704                iwdg_feed
 .text.wwdg_init
                0x0800071c       0x74 ./driver/drv_per/source/wdg.o
                0x0800071c                wwdg_init
 .text.wwdg_feed
                0x08000790       0x18 ./driver/drv_per/source/wdg.o
                0x08000790                wwdg_feed
 .text.Reset_Handler
                0x080007a8       0x50 ./startup/startup_stm32f103c8tx.o
                0x080007a8                Reset_Handler
 .text.Default_Handler
                0x080007f8        0x2 ./startup/startup_stm32f103c8tx.o
                0x080007f8                EXTI2_IRQHandler
                0x080007f8                TIM8_TRG_COM_IRQHandler
                0x080007f8                TIM8_CC_IRQHandler
                0x080007f8                DebugMon_Handler
                0x080007f8                TIM1_CC_IRQHandler
                0x080007f8                HardFault_Handler
                0x080007f8                TIM6_IRQHandler
                0x080007f8                SysTick_Handler
                0x080007f8                PVD_IRQHandler
                0x080007f8                SDIO_IRQHandler
                0x080007f8                PendSV_Handler
                0x080007f8                NMI_Handler
                0x080007f8                EXTI3_IRQHandler
                0x080007f8                USB_HP_CAN_TX_IRQHandler
                0x080007f8                EXTI0_IRQHandler
                0x080007f8                I2C2_EV_IRQHandler
                0x080007f8                UsageFault_Handler
                0x080007f8                SPI1_IRQHandler
                0x080007f8                CAN_SCE_IRQHandler
                0x080007f8                TAMPER_IRQHandler
                0x080007f8                TIM8_UP_IRQHandler
                0x080007f8                DMA2_Channel2_IRQHandler
                0x080007f8                DMA1_Channel4_IRQHandler
                0x080007f8                USART3_IRQHandler
                0x080007f8                RTC_IRQHandler
                0x080007f8                DMA1_Channel7_IRQHandler
                0x080007f8                UART5_IRQHandler
                0x080007f8                ADC3_IRQHandler
                0x080007f8                TIM4_IRQHandler
                0x080007f8                CAN_RX1_IRQHandler
                0x080007f8                DMA2_Channel1_IRQHandler
                0x080007f8                I2C1_EV_IRQHandler
                0x080007f8                DMA1_Channel6_IRQHandler
                0x080007f8                UART4_IRQHandler
                0x080007f8                TIM3_IRQHandler
                0x080007f8                RCC_IRQHandler
                0x080007f8                TIM1_TRG_COM_IRQHandler
                0x080007f8                DMA1_Channel1_IRQHandler
                0x080007f8                Default_Handler
                0x080007f8                EXTI15_10_IRQHandler
                0x080007f8                TIM7_IRQHandler
                0x080007f8                TIM5_IRQHandler
                0x080007f8                EXTI9_5_IRQHandler
                0x080007f8                SPI2_IRQHandler
                0x080007f8                USB_LP_CAN_RX0_IRQHandler
                0x080007f8                MemManage_Handler
                0x080007f8                SVC_Handler
                0x080007f8                DMA1_Channel5_IRQHandler
                0x080007f8                EXTI4_IRQHandler
                0x080007f8                DMA1_Channel3_IRQHandler
                0x080007f8                FSMC_IRQHandler
                0x080007f8                WWDG_IRQHandler
                0x080007f8                TIM1_BRK_IRQHandler
                0x080007f8                EXTI1_IRQHandler
                0x080007f8                RTCAlarm_IRQHandler
                0x080007f8                DMA2_Channel4_5_IRQHandler
                0x080007f8                USART2_IRQHandler
                0x080007f8                I2C2_ER_IRQHandler
                0x080007f8                DMA1_Channel2_IRQHandler
                0x080007f8                TIM8_BRK_IRQHandler
                0x080007f8                FLASH_IRQHandler
                0x080007f8                BusFault_Handler
                0x080007f8                USART1_IRQHandler
                0x080007f8                SPI3_IRQHandler
                0x080007f8                I2C1_ER_IRQHandler
                0x080007f8                DMA2_Channel3_IRQHandler
 *fill*         0x080007fa        0x2 
 .text.std      0x080007fc       0x6c D:/1_sw_install/STM32CubeIDE_1.18.0/STM32CubeIDE/plugins/com.st.stm32cube.ide.mcu.externaltools.gnu-tools-for-stm32.13.3.rel1.win32_1.0.0.202411081344/tools/bin/../lib/gcc/arm-none-eabi/13.3.1/../../../../arm-none-eabi/lib/thumb/v7-m/nofp\libc_nano.a(libc_a-findfp.o)
 .text.stdio_exit_handler
                0x08000868       0x18 D:/1_sw_install/STM32CubeIDE_1.18.0/STM32CubeIDE/plugins/com.st.stm32cube.ide.mcu.externaltools.gnu-tools-for-stm32.13.3.rel1.win32_1.0.0.202411081344/tools/bin/../lib/gcc/arm-none-eabi/13.3.1/../../../../arm-none-eabi/lib/thumb/v7-m/nofp\libc_nano.a(libc_a-findfp.o)
 .text.cleanup_stdio
                0x08000880       0x40 D:/1_sw_install/STM32CubeIDE_1.18.0/STM32CubeIDE/plugins/com.st.stm32cube.ide.mcu.externaltools.gnu-tools-for-stm32.13.3.rel1.win32_1.0.0.202411081344/tools/bin/../lib/gcc/arm-none-eabi/13.3.1/../../../../arm-none-eabi/lib/thumb/v7-m/nofp\libc_nano.a(libc_a-findfp.o)
 .text.global_stdio_init.part.0
                0x080008c0       0x3c D:/1_sw_install/STM32CubeIDE_1.18.0/STM32CubeIDE/plugins/com.st.stm32cube.ide.mcu.externaltools.gnu-tools-for-stm32.13.3.rel1.win32_1.0.0.202411081344/tools/bin/../lib/gcc/arm-none-eabi/13.3.1/../../../../arm-none-eabi/lib/thumb/v7-m/nofp\libc_nano.a(libc_a-findfp.o)
 .text.__sfp_lock_acquire
                0x080008fc        0xc D:/1_sw_install/STM32CubeIDE_1.18.0/STM32CubeIDE/plugins/com.st.stm32cube.ide.mcu.externaltools.gnu-tools-for-stm32.13.3.rel1.win32_1.0.0.202411081344/tools/bin/../lib/gcc/arm-none-eabi/13.3.1/../../../../arm-none-eabi/lib/thumb/v7-m/nofp\libc_nano.a(libc_a-findfp.o)
                0x080008fc                __sfp_lock_acquire
 .text.__sfp_lock_release
                0x08000908        0xc D:/1_sw_install/STM32CubeIDE_1.18.0/STM32CubeIDE/plugins/com.st.stm32cube.ide.mcu.externaltools.gnu-tools-for-stm32.13.3.rel1.win32_1.0.0.202411081344/tools/bin/../lib/gcc/arm-none-eabi/13.3.1/../../../../arm-none-eabi/lib/thumb/v7-m/nofp\libc_nano.a(libc_a-findfp.o)
                0x08000908                __sfp_lock_release
 .text.__sinit  0x08000914       0x30 D:/1_sw_install/STM32CubeIDE_1.18.0/STM32CubeIDE/plugins/com.st.stm32cube.ide.mcu.externaltools.gnu-tools-for-stm32.13.3.rel1.win32_1.0.0.202411081344/tools/bin/../lib/gcc/arm-none-eabi/13.3.1/../../../../arm-none-eabi/lib/thumb/v7-m/nofp\libc_nano.a(libc_a-findfp.o)
                0x08000914                __sinit
 .text._fwalk_sglue
                0x08000944       0x3c D:/1_sw_install/STM32CubeIDE_1.18.0/STM32CubeIDE/plugins/com.st.stm32cube.ide.mcu.externaltools.gnu-tools-for-stm32.13.3.rel1.win32_1.0.0.202411081344/tools/bin/../lib/gcc/arm-none-eabi/13.3.1/../../../../arm-none-eabi/lib/thumb/v7-m/nofp\libc_nano.a(libc_a-fwalk.o)
                0x08000944                _fwalk_sglue
 .text._puts_r  0x08000980       0xaa D:/1_sw_install/STM32CubeIDE_1.18.0/STM32CubeIDE/plugins/com.st.stm32cube.ide.mcu.externaltools.gnu-tools-for-stm32.13.3.rel1.win32_1.0.0.202411081344/tools/bin/../lib/gcc/arm-none-eabi/13.3.1/../../../../arm-none-eabi/lib/thumb/v7-m/nofp\libc_nano.a(libc_a-puts.o)
                0x08000980                _puts_r
 *fill*         0x08000a2a        0x2 
 .text.puts     0x08000a2c       0x10 D:/1_sw_install/STM32CubeIDE_1.18.0/STM32CubeIDE/plugins/com.st.stm32cube.ide.mcu.externaltools.gnu-tools-for-stm32.13.3.rel1.win32_1.0.0.202411081344/tools/bin/../lib/gcc/arm-none-eabi/13.3.1/../../../../arm-none-eabi/lib/thumb/v7-m/nofp\libc_nano.a(libc_a-puts.o)
                0x08000a2c                puts
 .text.__sread  0x08000a3c       0x22 D:/1_sw_install/STM32CubeIDE_1.18.0/STM32CubeIDE/plugins/com.st.stm32cube.ide.mcu.externaltools.gnu-tools-for-stm32.13.3.rel1.win32_1.0.0.202411081344/tools/bin/../lib/gcc/arm-none-eabi/13.3.1/../../../../arm-none-eabi/lib/thumb/v7-m/nofp\libc_nano.a(libc_a-stdio.o)
                0x08000a3c                __sread
 .text.__swrite
                0x08000a5e       0x38 D:/1_sw_install/STM32CubeIDE_1.18.0/STM32CubeIDE/plugins/com.st.stm32cube.ide.mcu.externaltools.gnu-tools-for-stm32.13.3.rel1.win32_1.0.0.202411081344/tools/bin/../lib/gcc/arm-none-eabi/13.3.1/../../../../arm-none-eabi/lib/thumb/v7-m/nofp\libc_nano.a(libc_a-stdio.o)
                0x08000a5e                __swrite
 .text.__sseek  0x08000a96       0x24 D:/1_sw_install/STM32CubeIDE_1.18.0/STM32CubeIDE/plugins/com.st.stm32cube.ide.mcu.externaltools.gnu-tools-for-stm32.13.3.rel1.win32_1.0.0.202411081344/tools/bin/../lib/gcc/arm-none-eabi/13.3.1/../../../../arm-none-eabi/lib/thumb/v7-m/nofp\libc_nano.a(libc_a-stdio.o)
                0x08000a96                __sseek
 .text.__sclose
                0x08000aba        0x8 D:/1_sw_install/STM32CubeIDE_1.18.0/STM32CubeIDE/plugins/com.st.stm32cube.ide.mcu.externaltools.gnu-tools-for-stm32.13.3.rel1.win32_1.0.0.202411081344/tools/bin/../lib/gcc/arm-none-eabi/13.3.1/../../../../arm-none-eabi/lib/thumb/v7-m/nofp\libc_nano.a(libc_a-stdio.o)
                0x08000aba                __sclose
 .text.__swbuf_r
                0x08000ac2       0x7c D:/1_sw_install/STM32CubeIDE_1.18.0/STM32CubeIDE/plugins/com.st.stm32cube.ide.mcu.externaltools.gnu-tools-for-stm32.13.3.rel1.win32_1.0.0.202411081344/tools/bin/../lib/gcc/arm-none-eabi/13.3.1/../../../../arm-none-eabi/lib/thumb/v7-m/nofp\libc_nano.a(libc_a-wbuf.o)
                0x08000ac2                __swbuf_r
 *fill*         0x08000b3e        0x2 
 .text.__swsetup_r
                0x08000b40       0xac D:/1_sw_install/STM32CubeIDE_1.18.0/STM32CubeIDE/plugins/com.st.stm32cube.ide.mcu.externaltools.gnu-tools-for-stm32.13.3.rel1.win32_1.0.0.202411081344/tools/bin/../lib/gcc/arm-none-eabi/13.3.1/../../../../arm-none-eabi/lib/thumb/v7-m/nofp\libc_nano.a(libc_a-wsetup.o)
                0x08000b40                __swsetup_r
 .text.memset   0x08000bec       0x10 D:/1_sw_install/STM32CubeIDE_1.18.0/STM32CubeIDE/plugins/com.st.stm32cube.ide.mcu.externaltools.gnu-tools-for-stm32.13.3.rel1.win32_1.0.0.202411081344/tools/bin/../lib/gcc/arm-none-eabi/13.3.1/../../../../arm-none-eabi/lib/thumb/v7-m/nofp\libc_nano.a(libc_a-memset.o)
                0x08000bec                memset
 .text._close_r
                0x08000bfc       0x20 D:/1_sw_install/STM32CubeIDE_1.18.0/STM32CubeIDE/plugins/com.st.stm32cube.ide.mcu.externaltools.gnu-tools-for-stm32.13.3.rel1.win32_1.0.0.202411081344/tools/bin/../lib/gcc/arm-none-eabi/13.3.1/../../../../arm-none-eabi/lib/thumb/v7-m/nofp\libc_nano.a(libc_a-closer.o)
                0x08000bfc                _close_r
 .text._lseek_r
                0x08000c1c       0x24 D:/1_sw_install/STM32CubeIDE_1.18.0/STM32CubeIDE/plugins/com.st.stm32cube.ide.mcu.externaltools.gnu-tools-for-stm32.13.3.rel1.win32_1.0.0.202411081344/tools/bin/../lib/gcc/arm-none-eabi/13.3.1/../../../../arm-none-eabi/lib/thumb/v7-m/nofp\libc_nano.a(libc_a-lseekr.o)
                0x08000c1c                _lseek_r
 .text._read_r  0x08000c40       0x24 D:/1_sw_install/STM32CubeIDE_1.18.0/STM32CubeIDE/plugins/com.st.stm32cube.ide.mcu.externaltools.gnu-tools-for-stm32.13.3.rel1.win32_1.0.0.202411081344/tools/bin/../lib/gcc/arm-none-eabi/13.3.1/../../../../arm-none-eabi/lib/thumb/v7-m/nofp\libc_nano.a(libc_a-readr.o)
                0x08000c40                _read_r
 .text._write_r
                0x08000c64       0x24 D:/1_sw_install/STM32CubeIDE_1.18.0/STM32CubeIDE/plugins/com.st.stm32cube.ide.mcu.externaltools.gnu-tools-for-stm32.13.3.rel1.win32_1.0.0.202411081344/tools/bin/../lib/gcc/arm-none-eabi/13.3.1/../../../../arm-none-eabi/lib/thumb/v7-m/nofp\libc_nano.a(libc_a-writer.o)
                0x08000c64                _write_r
 .text.__errno  0x08000c88        0xc D:/1_sw_install/STM32CubeIDE_1.18.0/STM32CubeIDE/plugins/com.st.stm32cube.ide.mcu.externaltools.gnu-tools-for-stm32.13.3.rel1.win32_1.0.0.202411081344/tools/bin/../lib/gcc/arm-none-eabi/13.3.1/../../../../arm-none-eabi/lib/thumb/v7-m/nofp\libc_nano.a(libc_a-errno.o)
                0x08000c88                __errno
 .text.__libc_init_array
                0x08000c94       0x48 D:/1_sw_install/STM32CubeIDE_1.18.0/STM32CubeIDE/plugins/com.st.stm32cube.ide.mcu.externaltools.gnu-tools-for-stm32.13.3.rel1.win32_1.0.0.202411081344/tools/bin/../lib/gcc/arm-none-eabi/13.3.1/../../../../arm-none-eabi/lib/thumb/v7-m/nofp\libc_nano.a(libc_a-init.o)
                0x08000c94                __libc_init_array
 .text.__retarget_lock_init_recursive
                0x08000cdc        0x2 D:/1_sw_install/STM32CubeIDE_1.18.0/STM32CubeIDE/plugins/com.st.stm32cube.ide.mcu.externaltools.gnu-tools-for-stm32.13.3.rel1.win32_1.0.0.202411081344/tools/bin/../lib/gcc/arm-none-eabi/13.3.1/../../../../arm-none-eabi/lib/thumb/v7-m/nofp\libc_nano.a(libc_a-lock.o)
                0x08000cdc                __retarget_lock_init_recursive
 .text.__retarget_lock_acquire_recursive
                0x08000cde        0x2 D:/1_sw_install/STM32CubeIDE_1.18.0/STM32CubeIDE/plugins/com.st.stm32cube.ide.mcu.externaltools.gnu-tools-for-stm32.13.3.rel1.win32_1.0.0.202411081344/tools/bin/../lib/gcc/arm-none-eabi/13.3.1/../../../../arm-none-eabi/lib/thumb/v7-m/nofp\libc_nano.a(libc_a-lock.o)
                0x08000cde                __retarget_lock_acquire_recursive
 .text.__retarget_lock_release_recursive
                0x08000ce0        0x2 D:/1_sw_install/STM32CubeIDE_1.18.0/STM32CubeIDE/plugins/com.st.stm32cube.ide.mcu.externaltools.gnu-tools-for-stm32.13.3.rel1.win32_1.0.0.202411081344/tools/bin/../lib/gcc/arm-none-eabi/13.3.1/../../../../arm-none-eabi/lib/thumb/v7-m/nofp\libc_nano.a(libc_a-lock.o)
                0x08000ce0                __retarget_lock_release_recursive
 *fill*         0x08000ce2        0x2 
 .text._free_r  0x08000ce4       0x90 D:/1_sw_install/STM32CubeIDE_1.18.0/STM32CubeIDE/plugins/com.st.stm32cube.ide.mcu.externaltools.gnu-tools-for-stm32.13.3.rel1.win32_1.0.0.202411081344/tools/bin/../lib/gcc/arm-none-eabi/13.3.1/../../../../arm-none-eabi/lib/thumb/v7-m/nofp\libc_nano.a(libc_a-freer.o)
                0x08000ce4                _free_r
 .text.sbrk_aligned
                0x08000d74       0x44 D:/1_sw_install/STM32CubeIDE_1.18.0/STM32CubeIDE/plugins/com.st.stm32cube.ide.mcu.externaltools.gnu-tools-for-stm32.13.3.rel1.win32_1.0.0.202411081344/tools/bin/../lib/gcc/arm-none-eabi/13.3.1/../../../../arm-none-eabi/lib/thumb/v7-m/nofp\libc_nano.a(libc_a-mallocr.o)
 .text._malloc_r
                0x08000db8      0x100 D:/1_sw_install/STM32CubeIDE_1.18.0/STM32CubeIDE/plugins/com.st.stm32cube.ide.mcu.externaltools.gnu-tools-for-stm32.13.3.rel1.win32_1.0.0.202411081344/tools/bin/../lib/gcc/arm-none-eabi/13.3.1/../../../../arm-none-eabi/lib/thumb/v7-m/nofp\libc_nano.a(libc_a-mallocr.o)
                0x08000db8                _malloc_r
 .text.__malloc_lock
                0x08000eb8        0xc D:/1_sw_install/STM32CubeIDE_1.18.0/STM32CubeIDE/plugins/com.st.stm32cube.ide.mcu.externaltools.gnu-tools-for-stm32.13.3.rel1.win32_1.0.0.202411081344/tools/bin/../lib/gcc/arm-none-eabi/13.3.1/../../../../arm-none-eabi/lib/thumb/v7-m/nofp\libc_nano.a(libc_a-mlock.o)
                0x08000eb8                __malloc_lock
 .text.__malloc_unlock
                0x08000ec4        0xc D:/1_sw_install/STM32CubeIDE_1.18.0/STM32CubeIDE/plugins/com.st.stm32cube.ide.mcu.externaltools.gnu-tools-for-stm32.13.3.rel1.win32_1.0.0.202411081344/tools/bin/../lib/gcc/arm-none-eabi/13.3.1/../../../../arm-none-eabi/lib/thumb/v7-m/nofp\libc_nano.a(libc_a-mlock.o)
                0x08000ec4                __malloc_unlock
 .text.__sflush_r
                0x08000ed0      0x100 D:/1_sw_install/STM32CubeIDE_1.18.0/STM32CubeIDE/plugins/com.st.stm32cube.ide.mcu.externaltools.gnu-tools-for-stm32.13.3.rel1.win32_1.0.0.202411081344/tools/bin/../lib/gcc/arm-none-eabi/13.3.1/../../../../arm-none-eabi/lib/thumb/v7-m/nofp\libc_nano.a(libc_a-fflush.o)
                0x08000ed0                __sflush_r
 .text._fflush_r
                0x08000fd0       0x50 D:/1_sw_install/STM32CubeIDE_1.18.0/STM32CubeIDE/plugins/com.st.stm32cube.ide.mcu.externaltools.gnu-tools-for-stm32.13.3.rel1.win32_1.0.0.202411081344/tools/bin/../lib/gcc/arm-none-eabi/13.3.1/../../../../arm-none-eabi/lib/thumb/v7-m/nofp\libc_nano.a(libc_a-fflush.o)
                0x08000fd0                _fflush_r
 .text.__swhatbuf_r
                0x08001020       0x4a D:/1_sw_install/STM32CubeIDE_1.18.0/STM32CubeIDE/plugins/com.st.stm32cube.ide.mcu.externaltools.gnu-tools-for-stm32.13.3.rel1.win32_1.0.0.202411081344/tools/bin/../lib/gcc/arm-none-eabi/13.3.1/../../../../arm-none-eabi/lib/thumb/v7-m/nofp\libc_nano.a(libc_a-makebuf.o)
                0x08001020                __swhatbuf_r
 .text.__smakebuf_r
                0x0800106a       0x78 D:/1_sw_install/STM32CubeIDE_1.18.0/STM32CubeIDE/plugins/com.st.stm32cube.ide.mcu.externaltools.gnu-tools-for-stm32.13.3.rel1.win32_1.0.0.202411081344/tools/bin/../lib/gcc/arm-none-eabi/13.3.1/../../../../arm-none-eabi/lib/thumb/v7-m/nofp\libc_nano.a(libc_a-makebuf.o)
                0x0800106a                __smakebuf_r
 *fill*         0x080010e2        0x2 
 .text._fstat_r
                0x080010e4       0x24 D:/1_sw_install/STM32CubeIDE_1.18.0/STM32CubeIDE/plugins/com.st.stm32cube.ide.mcu.externaltools.gnu-tools-for-stm32.13.3.rel1.win32_1.0.0.202411081344/tools/bin/../lib/gcc/arm-none-eabi/13.3.1/../../../../arm-none-eabi/lib/thumb/v7-m/nofp\libc_nano.a(libc_a-fstatr.o)
                0x080010e4                _fstat_r
 .text._isatty_r
                0x08001108       0x20 D:/1_sw_install/STM32CubeIDE_1.18.0/STM32CubeIDE/plugins/com.st.stm32cube.ide.mcu.externaltools.gnu-tools-for-stm32.13.3.rel1.win32_1.0.0.202411081344/tools/bin/../lib/gcc/arm-none-eabi/13.3.1/../../../../arm-none-eabi/lib/thumb/v7-m/nofp\libc_nano.a(libc_a-isattyr.o)
                0x08001108                _isatty_r
 .text._sbrk_r  0x08001128       0x20 D:/1_sw_install/STM32CubeIDE_1.18.0/STM32CubeIDE/plugins/com.st.stm32cube.ide.mcu.externaltools.gnu-tools-for-stm32.13.3.rel1.win32_1.0.0.202411081344/tools/bin/../lib/gcc/arm-none-eabi/13.3.1/../../../../arm-none-eabi/lib/thumb/v7-m/nofp\libc_nano.a(libc_a-sbrkr.o)
                0x08001128                _sbrk_r
 *(.glue_7)
 .glue_7        0x08001148        0x0 linker stubs
 *(.glue_7t)
 .glue_7t       0x08001148        0x0 linker stubs
 *(.eh_frame)
 .eh_frame      0x08001148        0x0 D:/1_sw_install/STM32CubeIDE_1.18.0/STM32CubeIDE/plugins/com.st.stm32cube.ide.mcu.externaltools.gnu-tools-for-stm32.13.3.rel1.win32_1.0.0.202411081344/tools/bin/../lib/gcc/arm-none-eabi/13.3.1/thumb/v7-m/nofp/crtbegin.o
 *(.init)
 .init          0x08001148        0x4 D:/1_sw_install/STM32CubeIDE_1.18.0/STM32CubeIDE/plugins/com.st.stm32cube.ide.mcu.externaltools.gnu-tools-for-stm32.13.3.rel1.win32_1.0.0.202411081344/tools/bin/../lib/gcc/arm-none-eabi/13.3.1/thumb/v7-m/nofp/crti.o
                0x08001148                _init
 .init          0x0800114c        0x8 D:/1_sw_install/STM32CubeIDE_1.18.0/STM32CubeIDE/plugins/com.st.stm32cube.ide.mcu.externaltools.gnu-tools-for-stm32.13.3.rel1.win32_1.0.0.202411081344/tools/bin/../lib/gcc/arm-none-eabi/13.3.1/thumb/v7-m/nofp/crtn.o
 *(.fini)
 .fini          0x08001154        0x4 D:/1_sw_install/STM32CubeIDE_1.18.0/STM32CubeIDE/plugins/com.st.stm32cube.ide.mcu.externaltools.gnu-tools-for-stm32.13.3.rel1.win32_1.0.0.202411081344/tools/bin/../lib/gcc/arm-none-eabi/13.3.1/thumb/v7-m/nofp/crti.o
                0x08001154                _fini
 .fini          0x08001158        0x8 D:/1_sw_install/STM32CubeIDE_1.18.0/STM32CubeIDE/plugins/com.st.stm32cube.ide.mcu.externaltools.gnu-tools-for-stm32.13.3.rel1.win32_1.0.0.202411081344/tools/bin/../lib/gcc/arm-none-eabi/13.3.1/thumb/v7-m/nofp/crtn.o
                0x08001160                        . = ALIGN (0x4)
                0x08001160                        _etext = .

.vfp11_veneer   0x08001160        0x0
 .vfp11_veneer  0x08001160        0x0 linker stubs

.v4_bx          0x08001160        0x0
 .v4_bx         0x08001160        0x0 linker stubs

.iplt           0x08001160        0x0
 .iplt          0x08001160        0x0 D:/1_sw_install/STM32CubeIDE_1.18.0/STM32CubeIDE/plugins/com.st.stm32cube.ide.mcu.externaltools.gnu-tools-for-stm32.13.3.rel1.win32_1.0.0.202411081344/tools/bin/../lib/gcc/arm-none-eabi/13.3.1/thumb/v7-m/nofp/crtbegin.o

.rodata         0x08001160       0x28
                0x08001160                        . = ALIGN (0x4)
 *(.rodata)
 .rodata        0x08001160       0x26 ./app/example.o
 *(.rodata*)
                0x08001188                        . = ALIGN (0x4)
 *fill*         0x08001186        0x2 

.ARM.extab      0x08001188        0x0
                0x08001188                        . = ALIGN (0x4)
 *(.ARM.extab* .gnu.linkonce.armextab.*)
                0x08001188                        . = ALIGN (0x4)

.ARM            0x08001188        0x0
                0x08001188                        . = ALIGN (0x4)
                0x08001188                        __exidx_start = .
 *(.ARM.exidx*)
                0x08001188                        __exidx_end = .
                0x08001188                        . = ALIGN (0x4)

.preinit_array  0x08001188        0x0
                0x08001188                        . = ALIGN (0x4)
                0x08001188                        PROVIDE (__preinit_array_start = .)
 *(.preinit_array*)
                0x08001188                        PROVIDE (__preinit_array_end = .)
                0x08001188                        . = ALIGN (0x4)

.init_array     0x08001188        0x4
                0x08001188                        . = ALIGN (0x4)
                0x08001188                        PROVIDE (__init_array_start = .)
 *(SORT_BY_NAME(.init_array.*))
 *(.init_array*)
 .init_array    0x08001188        0x4 D:/1_sw_install/STM32CubeIDE_1.18.0/STM32CubeIDE/plugins/com.st.stm32cube.ide.mcu.externaltools.gnu-tools-for-stm32.13.3.rel1.win32_1.0.0.202411081344/tools/bin/../lib/gcc/arm-none-eabi/13.3.1/thumb/v7-m/nofp/crtbegin.o
                0x0800118c                        PROVIDE (__init_array_end = .)
                0x0800118c                        . = ALIGN (0x4)

.fini_array     0x0800118c        0x4
                0x0800118c                        . = ALIGN (0x4)
                [!provide]                        PROVIDE (__fini_array_start = .)
 *(SORT_BY_NAME(.fini_array.*))
 *(.fini_array*)
 .fini_array    0x0800118c        0x4 D:/1_sw_install/STM32CubeIDE_1.18.0/STM32CubeIDE/plugins/com.st.stm32cube.ide.mcu.externaltools.gnu-tools-for-stm32.13.3.rel1.win32_1.0.0.202411081344/tools/bin/../lib/gcc/arm-none-eabi/13.3.1/thumb/v7-m/nofp/crtbegin.o
                [!provide]                        PROVIDE (__fini_array_end = .)
                0x08001190                        . = ALIGN (0x4)
                0x08001190                        _sidata = LOADADDR (.data)

.rel.dyn        0x08001190        0x0
 .rel.iplt      0x08001190        0x0 D:/1_sw_install/STM32CubeIDE_1.18.0/STM32CubeIDE/plugins/com.st.stm32cube.ide.mcu.externaltools.gnu-tools-for-stm32.13.3.rel1.win32_1.0.0.202411081344/tools/bin/../lib/gcc/arm-none-eabi/13.3.1/thumb/v7-m/nofp/crtbegin.o

.data           0x20000000       0x5c load address 0x08001190
                0x20000000                        . = ALIGN (0x4)
                0x20000000                        _sdata = .
 *(.data)
 *(.data*)
 .data.__sglue  0x20000000        0xc D:/1_sw_install/STM32CubeIDE_1.18.0/STM32CubeIDE/plugins/com.st.stm32cube.ide.mcu.externaltools.gnu-tools-for-stm32.13.3.rel1.win32_1.0.0.202411081344/tools/bin/../lib/gcc/arm-none-eabi/13.3.1/../../../../arm-none-eabi/lib/thumb/v7-m/nofp\libc_nano.a(libc_a-findfp.o)
                0x20000000                __sglue
 .data._impure_ptr
                0x2000000c        0x4 D:/1_sw_install/STM32CubeIDE_1.18.0/STM32CubeIDE/plugins/com.st.stm32cube.ide.mcu.externaltools.gnu-tools-for-stm32.13.3.rel1.win32_1.0.0.202411081344/tools/bin/../lib/gcc/arm-none-eabi/13.3.1/../../../../arm-none-eabi/lib/thumb/v7-m/nofp\libc_nano.a(libc_a-impure.o)
                0x2000000c                _impure_ptr
 .data._impure_data
                0x20000010       0x4c D:/1_sw_install/STM32CubeIDE_1.18.0/STM32CubeIDE/plugins/com.st.stm32cube.ide.mcu.externaltools.gnu-tools-for-stm32.13.3.rel1.win32_1.0.0.202411081344/tools/bin/../lib/gcc/arm-none-eabi/13.3.1/../../../../arm-none-eabi/lib/thumb/v7-m/nofp\libc_nano.a(libc_a-impure.o)
                0x20000010                _impure_data
 *(.RamFunc)
 *(.RamFunc*)
                0x2000005c                        . = ALIGN (0x4)
                0x2000005c                        _edata = .

.igot.plt       0x2000005c        0x0 load address 0x080011ec
 .igot.plt      0x2000005c        0x0 D:/1_sw_install/STM32CubeIDE_1.18.0/STM32CubeIDE/plugins/com.st.stm32cube.ide.mcu.externaltools.gnu-tools-for-stm32.13.3.rel1.win32_1.0.0.202411081344/tools/bin/../lib/gcc/arm-none-eabi/13.3.1/thumb/v7-m/nofp/crtbegin.o
                0x2000005c                        . = ALIGN (0x4)

.bss            0x2000005c      0x17c load address 0x080011ec
                0x2000005c                        _sbss = .
                0x2000005c                        __bss_start__ = _sbss
 *(.bss)
 .bss           0x2000005c       0x1c D:/1_sw_install/STM32CubeIDE_1.18.0/STM32CubeIDE/plugins/com.st.stm32cube.ide.mcu.externaltools.gnu-tools-for-stm32.13.3.rel1.win32_1.0.0.202411081344/tools/bin/../lib/gcc/arm-none-eabi/13.3.1/thumb/v7-m/nofp/crtbegin.o
 *(.bss*)
 .bss.__sbrk_heap_end
                0x20000078        0x4 ./common/source/sysmem.o
 .bss.tim_hadndle
                0x2000007c        0x8 ./driver/drv_per/source/tim.o
                0x2000007c                tim_hadndle
 .bss.tim_capture_handle
                0x20000084        0x4 ./driver/drv_per/source/tim.o
                0x20000084                tim_capture_handle
 .bss.flag      0x20000088        0x1 ./driver/drv_per/source/tim.o
                0x20000088                flag
 *fill*         0x20000089        0x1 
 .bss.period_1  0x2000008a        0x2 ./driver/drv_per/source/tim.o
                0x2000008a                period_1
 .bss.__sf      0x2000008c      0x138 D:/1_sw_install/STM32CubeIDE_1.18.0/STM32CubeIDE/plugins/com.st.stm32cube.ide.mcu.externaltools.gnu-tools-for-stm32.13.3.rel1.win32_1.0.0.202411081344/tools/bin/../lib/gcc/arm-none-eabi/13.3.1/../../../../arm-none-eabi/lib/thumb/v7-m/nofp\libc_nano.a(libc_a-findfp.o)
                0x2000008c                __sf
 .bss.__stdio_exit_handler
                0x200001c4        0x4 D:/1_sw_install/STM32CubeIDE_1.18.0/STM32CubeIDE/plugins/com.st.stm32cube.ide.mcu.externaltools.gnu-tools-for-stm32.13.3.rel1.win32_1.0.0.202411081344/tools/bin/../lib/gcc/arm-none-eabi/13.3.1/../../../../arm-none-eabi/lib/thumb/v7-m/nofp\libc_nano.a(libc_a-findfp.o)
                0x200001c4                __stdio_exit_handler
 .bss.errno     0x200001c8        0x4 D:/1_sw_install/STM32CubeIDE_1.18.0/STM32CubeIDE/plugins/com.st.stm32cube.ide.mcu.externaltools.gnu-tools-for-stm32.13.3.rel1.win32_1.0.0.202411081344/tools/bin/../lib/gcc/arm-none-eabi/13.3.1/../../../../arm-none-eabi/lib/thumb/v7-m/nofp\libc_nano.a(libc_a-reent.o)
                0x200001c8                errno
 .bss.__lock___malloc_recursive_mutex
                0x200001cc        0x1 D:/1_sw_install/STM32CubeIDE_1.18.0/STM32CubeIDE/plugins/com.st.stm32cube.ide.mcu.externaltools.gnu-tools-for-stm32.13.3.rel1.win32_1.0.0.202411081344/tools/bin/../lib/gcc/arm-none-eabi/13.3.1/../../../../arm-none-eabi/lib/thumb/v7-m/nofp\libc_nano.a(libc_a-lock.o)
                0x200001cc                __lock___malloc_recursive_mutex
 .bss.__lock___sfp_recursive_mutex
                0x200001cd        0x1 D:/1_sw_install/STM32CubeIDE_1.18.0/STM32CubeIDE/plugins/com.st.stm32cube.ide.mcu.externaltools.gnu-tools-for-stm32.13.3.rel1.win32_1.0.0.202411081344/tools/bin/../lib/gcc/arm-none-eabi/13.3.1/../../../../arm-none-eabi/lib/thumb/v7-m/nofp\libc_nano.a(libc_a-lock.o)
                0x200001cd                __lock___sfp_recursive_mutex
 *fill*         0x200001ce        0x2 
 .bss.__malloc_sbrk_start
                0x200001d0        0x4 D:/1_sw_install/STM32CubeIDE_1.18.0/STM32CubeIDE/plugins/com.st.stm32cube.ide.mcu.externaltools.gnu-tools-for-stm32.13.3.rel1.win32_1.0.0.202411081344/tools/bin/../lib/gcc/arm-none-eabi/13.3.1/../../../../arm-none-eabi/lib/thumb/v7-m/nofp\libc_nano.a(libc_a-mallocr.o)
                0x200001d0                __malloc_sbrk_start
 .bss.__malloc_free_list
                0x200001d4        0x4 D:/1_sw_install/STM32CubeIDE_1.18.0/STM32CubeIDE/plugins/com.st.stm32cube.ide.mcu.externaltools.gnu-tools-for-stm32.13.3.rel1.win32_1.0.0.202411081344/tools/bin/../lib/gcc/arm-none-eabi/13.3.1/../../../../arm-none-eabi/lib/thumb/v7-m/nofp\libc_nano.a(libc_a-mallocr.o)
                0x200001d4                __malloc_free_list
 *(COMMON)
                0x200001d8                        . = ALIGN (0x4)
                0x200001d8                        _ebss = .
                0x200001d8                        __bss_end__ = _ebss

._user_heap_stack
                0x200001d8      0x600 load address 0x080011ec
                0x200001d8                        . = ALIGN (0x8)
                [!provide]                        PROVIDE (end = .)
                0x200001d8                        PROVIDE (_end = .)
                0x200003d8                        . = (. + _Min_Heap_Size)
 *fill*         0x200001d8      0x200 
                0x200007d8                        . = (. + _Min_Stack_Size)
 *fill*         0x200003d8      0x400 
                0x200007d8                        . = ALIGN (0x8)

/DISCARD/
 libc.a(*)
 libm.a(*)
 libgcc.a(*)

.ARM.attributes
                0x00000000       0x29
 *(.ARM.attributes)
 .ARM.attributes
                0x00000000       0x1d D:/1_sw_install/STM32CubeIDE_1.18.0/STM32CubeIDE/plugins/com.st.stm32cube.ide.mcu.externaltools.gnu-tools-for-stm32.13.3.rel1.win32_1.0.0.202411081344/tools/bin/../lib/gcc/arm-none-eabi/13.3.1/thumb/v7-m/nofp/crti.o
 .ARM.attributes
                0x0000001d       0x2d D:/1_sw_install/STM32CubeIDE_1.18.0/STM32CubeIDE/plugins/com.st.stm32cube.ide.mcu.externaltools.gnu-tools-for-stm32.13.3.rel1.win32_1.0.0.202411081344/tools/bin/../lib/gcc/arm-none-eabi/13.3.1/thumb/v7-m/nofp/crtbegin.o
 .ARM.attributes
                0x0000004a       0x2d ./app/example.o
 .ARM.attributes
                0x00000077       0x2d ./app/main.o
 .ARM.attributes
                0x000000a4       0x2d ./common/source/common.o
 .ARM.attributes
                0x000000d1       0x2d ./common/source/syscalls.o
 .ARM.attributes
                0x000000fe       0x2d ./common/source/sysmem.o
 .ARM.attributes
                0x0000012b       0x2d ./driver/drv_per/source/adc.o
 .ARM.attributes
                0x00000158       0x2d ./driver/drv_per/source/tim.o
 .ARM.attributes
                0x00000185       0x2d ./driver/drv_per/source/usart.o
 .ARM.attributes
                0x000001b2       0x2d ./driver/drv_per/source/wdg.o
 .ARM.attributes
                0x000001df       0x21 ./startup/startup_stm32f103c8tx.o
 .ARM.attributes
                0x00000200       0x2d D:/1_sw_install/STM32CubeIDE_1.18.0/STM32CubeIDE/plugins/com.st.stm32cube.ide.mcu.externaltools.gnu-tools-for-stm32.13.3.rel1.win32_1.0.0.202411081344/tools/bin/../lib/gcc/arm-none-eabi/13.3.1/../../../../arm-none-eabi/lib/thumb/v7-m/nofp\libc_nano.a(libc_a-findfp.o)
 .ARM.attributes
                0x0000022d       0x2d D:/1_sw_install/STM32CubeIDE_1.18.0/STM32CubeIDE/plugins/com.st.stm32cube.ide.mcu.externaltools.gnu-tools-for-stm32.13.3.rel1.win32_1.0.0.202411081344/tools/bin/../lib/gcc/arm-none-eabi/13.3.1/../../../../arm-none-eabi/lib/thumb/v7-m/nofp\libc_nano.a(libc_a-fwalk.o)
 .ARM.attributes
                0x0000025a       0x2d D:/1_sw_install/STM32CubeIDE_1.18.0/STM32CubeIDE/plugins/com.st.stm32cube.ide.mcu.externaltools.gnu-tools-for-stm32.13.3.rel1.win32_1.0.0.202411081344/tools/bin/../lib/gcc/arm-none-eabi/13.3.1/../../../../arm-none-eabi/lib/thumb/v7-m/nofp\libc_nano.a(libc_a-puts.o)
 .ARM.attributes
                0x00000287       0x2d D:/1_sw_install/STM32CubeIDE_1.18.0/STM32CubeIDE/plugins/com.st.stm32cube.ide.mcu.externaltools.gnu-tools-for-stm32.13.3.rel1.win32_1.0.0.202411081344/tools/bin/../lib/gcc/arm-none-eabi/13.3.1/../../../../arm-none-eabi/lib/thumb/v7-m/nofp\libc_nano.a(libc_a-stdio.o)
 .ARM.attributes
                0x000002b4       0x2d D:/1_sw_install/STM32CubeIDE_1.18.0/STM32CubeIDE/plugins/com.st.stm32cube.ide.mcu.externaltools.gnu-tools-for-stm32.13.3.rel1.win32_1.0.0.202411081344/tools/bin/../lib/gcc/arm-none-eabi/13.3.1/../../../../arm-none-eabi/lib/thumb/v7-m/nofp\libc_nano.a(libc_a-wbuf.o)
 .ARM.attributes
                0x000002e1       0x2d D:/1_sw_install/STM32CubeIDE_1.18.0/STM32CubeIDE/plugins/com.st.stm32cube.ide.mcu.externaltools.gnu-tools-for-stm32.13.3.rel1.win32_1.0.0.202411081344/tools/bin/../lib/gcc/arm-none-eabi/13.3.1/../../../../arm-none-eabi/lib/thumb/v7-m/nofp\libc_nano.a(libc_a-wsetup.o)
 .ARM.attributes
                0x0000030e       0x2d D:/1_sw_install/STM32CubeIDE_1.18.0/STM32CubeIDE/plugins/com.st.stm32cube.ide.mcu.externaltools.gnu-tools-for-stm32.13.3.rel1.win32_1.0.0.202411081344/tools/bin/../lib/gcc/arm-none-eabi/13.3.1/../../../../arm-none-eabi/lib/thumb/v7-m/nofp\libc_nano.a(libc_a-memset.o)
 .ARM.attributes
                0x0000033b       0x2d D:/1_sw_install/STM32CubeIDE_1.18.0/STM32CubeIDE/plugins/com.st.stm32cube.ide.mcu.externaltools.gnu-tools-for-stm32.13.3.rel1.win32_1.0.0.202411081344/tools/bin/../lib/gcc/arm-none-eabi/13.3.1/../../../../arm-none-eabi/lib/thumb/v7-m/nofp\libc_nano.a(libc_a-closer.o)
 .ARM.attributes
                0x00000368       0x2d D:/1_sw_install/STM32CubeIDE_1.18.0/STM32CubeIDE/plugins/com.st.stm32cube.ide.mcu.externaltools.gnu-tools-for-stm32.13.3.rel1.win32_1.0.0.202411081344/tools/bin/../lib/gcc/arm-none-eabi/13.3.1/../../../../arm-none-eabi/lib/thumb/v7-m/nofp\libc_nano.a(libc_a-reent.o)
 .ARM.attributes
                0x00000395       0x2d D:/1_sw_install/STM32CubeIDE_1.18.0/STM32CubeIDE/plugins/com.st.stm32cube.ide.mcu.externaltools.gnu-tools-for-stm32.13.3.rel1.win32_1.0.0.202411081344/tools/bin/../lib/gcc/arm-none-eabi/13.3.1/../../../../arm-none-eabi/lib/thumb/v7-m/nofp\libc_nano.a(libc_a-impure.o)
 .ARM.attributes
                0x000003c2       0x2d D:/1_sw_install/STM32CubeIDE_1.18.0/STM32CubeIDE/plugins/com.st.stm32cube.ide.mcu.externaltools.gnu-tools-for-stm32.13.3.rel1.win32_1.0.0.202411081344/tools/bin/../lib/gcc/arm-none-eabi/13.3.1/../../../../arm-none-eabi/lib/thumb/v7-m/nofp\libc_nano.a(libc_a-lseekr.o)
 .ARM.attributes
                0x000003ef       0x2d D:/1_sw_install/STM32CubeIDE_1.18.0/STM32CubeIDE/plugins/com.st.stm32cube.ide.mcu.externaltools.gnu-tools-for-stm32.13.3.rel1.win32_1.0.0.202411081344/tools/bin/../lib/gcc/arm-none-eabi/13.3.1/../../../../arm-none-eabi/lib/thumb/v7-m/nofp\libc_nano.a(libc_a-readr.o)
 .ARM.attributes
                0x0000041c       0x2d D:/1_sw_install/STM32CubeIDE_1.18.0/STM32CubeIDE/plugins/com.st.stm32cube.ide.mcu.externaltools.gnu-tools-for-stm32.13.3.rel1.win32_1.0.0.202411081344/tools/bin/../lib/gcc/arm-none-eabi/13.3.1/../../../../arm-none-eabi/lib/thumb/v7-m/nofp\libc_nano.a(libc_a-writer.o)
 .ARM.attributes
                0x00000449       0x2d D:/1_sw_install/STM32CubeIDE_1.18.0/STM32CubeIDE/plugins/com.st.stm32cube.ide.mcu.externaltools.gnu-tools-for-stm32.13.3.rel1.win32_1.0.0.202411081344/tools/bin/../lib/gcc/arm-none-eabi/13.3.1/../../../../arm-none-eabi/lib/thumb/v7-m/nofp\libc_nano.a(libc_a-errno.o)
 .ARM.attributes
                0x00000476       0x2d D:/1_sw_install/STM32CubeIDE_1.18.0/STM32CubeIDE/plugins/com.st.stm32cube.ide.mcu.externaltools.gnu-tools-for-stm32.13.3.rel1.win32_1.0.0.202411081344/tools/bin/../lib/gcc/arm-none-eabi/13.3.1/../../../../arm-none-eabi/lib/thumb/v7-m/nofp\libc_nano.a(libc_a-init.o)
 .ARM.attributes
                0x000004a3       0x2d D:/1_sw_install/STM32CubeIDE_1.18.0/STM32CubeIDE/plugins/com.st.stm32cube.ide.mcu.externaltools.gnu-tools-for-stm32.13.3.rel1.win32_1.0.0.202411081344/tools/bin/../lib/gcc/arm-none-eabi/13.3.1/../../../../arm-none-eabi/lib/thumb/v7-m/nofp\libc_nano.a(libc_a-lock.o)
 .ARM.attributes
                0x000004d0       0x2d D:/1_sw_install/STM32CubeIDE_1.18.0/STM32CubeIDE/plugins/com.st.stm32cube.ide.mcu.externaltools.gnu-tools-for-stm32.13.3.rel1.win32_1.0.0.202411081344/tools/bin/../lib/gcc/arm-none-eabi/13.3.1/../../../../arm-none-eabi/lib/thumb/v7-m/nofp\libc_nano.a(libc_a-freer.o)
 .ARM.attributes
                0x000004fd       0x2d D:/1_sw_install/STM32CubeIDE_1.18.0/STM32CubeIDE/plugins/com.st.stm32cube.ide.mcu.externaltools.gnu-tools-for-stm32.13.3.rel1.win32_1.0.0.202411081344/tools/bin/../lib/gcc/arm-none-eabi/13.3.1/../../../../arm-none-eabi/lib/thumb/v7-m/nofp\libc_nano.a(libc_a-mallocr.o)
 .ARM.attributes
                0x0000052a       0x2d D:/1_sw_install/STM32CubeIDE_1.18.0/STM32CubeIDE/plugins/com.st.stm32cube.ide.mcu.externaltools.gnu-tools-for-stm32.13.3.rel1.win32_1.0.0.202411081344/tools/bin/../lib/gcc/arm-none-eabi/13.3.1/../../../../arm-none-eabi/lib/thumb/v7-m/nofp\libc_nano.a(libc_a-mlock.o)
 .ARM.attributes
                0x00000557       0x2d D:/1_sw_install/STM32CubeIDE_1.18.0/STM32CubeIDE/plugins/com.st.stm32cube.ide.mcu.externaltools.gnu-tools-for-stm32.13.3.rel1.win32_1.0.0.202411081344/tools/bin/../lib/gcc/arm-none-eabi/13.3.1/../../../../arm-none-eabi/lib/thumb/v7-m/nofp\libc_nano.a(libc_a-fflush.o)
 .ARM.attributes
                0x00000584       0x2d D:/1_sw_install/STM32CubeIDE_1.18.0/STM32CubeIDE/plugins/com.st.stm32cube.ide.mcu.externaltools.gnu-tools-for-stm32.13.3.rel1.win32_1.0.0.202411081344/tools/bin/../lib/gcc/arm-none-eabi/13.3.1/../../../../arm-none-eabi/lib/thumb/v7-m/nofp\libc_nano.a(libc_a-makebuf.o)
 .ARM.attributes
                0x000005b1       0x2d D:/1_sw_install/STM32CubeIDE_1.18.0/STM32CubeIDE/plugins/com.st.stm32cube.ide.mcu.externaltools.gnu-tools-for-stm32.13.3.rel1.win32_1.0.0.202411081344/tools/bin/../lib/gcc/arm-none-eabi/13.3.1/../../../../arm-none-eabi/lib/thumb/v7-m/nofp\libc_nano.a(libc_a-fstatr.o)
 .ARM.attributes
                0x000005de       0x2d D:/1_sw_install/STM32CubeIDE_1.18.0/STM32CubeIDE/plugins/com.st.stm32cube.ide.mcu.externaltools.gnu-tools-for-stm32.13.3.rel1.win32_1.0.0.202411081344/tools/bin/../lib/gcc/arm-none-eabi/13.3.1/../../../../arm-none-eabi/lib/thumb/v7-m/nofp\libc_nano.a(libc_a-isattyr.o)
 .ARM.attributes
                0x0000060b       0x2d D:/1_sw_install/STM32CubeIDE_1.18.0/STM32CubeIDE/plugins/com.st.stm32cube.ide.mcu.externaltools.gnu-tools-for-stm32.13.3.rel1.win32_1.0.0.202411081344/tools/bin/../lib/gcc/arm-none-eabi/13.3.1/../../../../arm-none-eabi/lib/thumb/v7-m/nofp\libc_nano.a(libc_a-sbrkr.o)
 .ARM.attributes
                0x00000638       0x1d D:/1_sw_install/STM32CubeIDE_1.18.0/STM32CubeIDE/plugins/com.st.stm32cube.ide.mcu.externaltools.gnu-tools-for-stm32.13.3.rel1.win32_1.0.0.202411081344/tools/bin/../lib/gcc/arm-none-eabi/13.3.1/thumb/v7-m/nofp/crtn.o
OUTPUT(project.elf elf32-littlearm)
LOAD linker stubs
LOAD D:/1_sw_install/STM32CubeIDE_1.18.0/STM32CubeIDE/plugins/com.st.stm32cube.ide.mcu.externaltools.gnu-tools-for-stm32.13.3.rel1.win32_1.0.0.202411081344/tools/bin/../lib/gcc/arm-none-eabi/13.3.1/../../../../arm-none-eabi/lib/thumb/v7-m/nofp\libc.a
LOAD D:/1_sw_install/STM32CubeIDE_1.18.0/STM32CubeIDE/plugins/com.st.stm32cube.ide.mcu.externaltools.gnu-tools-for-stm32.13.3.rel1.win32_1.0.0.202411081344/tools/bin/../lib/gcc/arm-none-eabi/13.3.1/../../../../arm-none-eabi/lib/thumb/v7-m/nofp\libm.a
LOAD D:/1_sw_install/STM32CubeIDE_1.18.0/STM32CubeIDE/plugins/com.st.stm32cube.ide.mcu.externaltools.gnu-tools-for-stm32.13.3.rel1.win32_1.0.0.202411081344/tools/bin/../lib/gcc/arm-none-eabi/13.3.1/thumb/v7-m/nofp\libgcc.a

.debug_info     0x00000000     0x2bd4
 .debug_info    0x00000000      0x140 ./app/example.o
 .debug_info    0x00000140       0x50 ./app/main.o
 .debug_info    0x00000190      0x853 ./common/source/common.o
 .debug_info    0x000009e3      0x6a3 ./common/source/syscalls.o
 .debug_info    0x00001086      0x168 ./common/source/sysmem.o
 .debug_info    0x000011ee      0x65d ./driver/drv_per/source/adc.o
 .debug_info    0x0000184b      0x825 ./driver/drv_per/source/tim.o
 .debug_info    0x00002070      0x8e6 ./driver/drv_per/source/usart.o
 .debug_info    0x00002956      0x24e ./driver/drv_per/source/wdg.o
 .debug_info    0x00002ba4       0x30 ./startup/startup_stm32f103c8tx.o

.debug_abbrev   0x00000000      0xba5
 .debug_abbrev  0x00000000       0x96 ./app/example.o
 .debug_abbrev  0x00000096       0x4f ./app/main.o
 .debug_abbrev  0x000000e5      0x201 ./common/source/common.o
 .debug_abbrev  0x000002e6      0x1b6 ./common/source/syscalls.o
 .debug_abbrev  0x0000049c       0xbc ./common/source/sysmem.o
 .debug_abbrev  0x00000558      0x179 ./driver/drv_per/source/adc.o
 .debug_abbrev  0x000006d1      0x1d7 ./driver/drv_per/source/tim.o
 .debug_abbrev  0x000008a8      0x1ee ./driver/drv_per/source/usart.o
 .debug_abbrev  0x00000a96       0xeb ./driver/drv_per/source/wdg.o
 .debug_abbrev  0x00000b81       0x24 ./startup/startup_stm32f103c8tx.o

.debug_aranges  0x00000000      0x2b8
 .debug_aranges
                0x00000000       0x20 ./app/example.o
 .debug_aranges
                0x00000020       0x20 ./app/main.o
 .debug_aranges
                0x00000040       0x58 ./common/source/common.o
 .debug_aranges
                0x00000098       0xa8 ./common/source/syscalls.o
 .debug_aranges
                0x00000140       0x20 ./common/source/sysmem.o
 .debug_aranges
                0x00000160       0x38 ./driver/drv_per/source/adc.o
 .debug_aranges
                0x00000198       0x70 ./driver/drv_per/source/tim.o
 .debug_aranges
                0x00000208       0x50 ./driver/drv_per/source/usart.o
 .debug_aranges
                0x00000258       0x38 ./driver/drv_per/source/wdg.o
 .debug_aranges
                0x00000290       0x28 ./startup/startup_stm32f103c8tx.o

.debug_rnglists
                0x00000000      0x1e1
 .debug_rnglists
                0x00000000       0x14 ./app/example.o
 .debug_rnglists
                0x00000014       0x13 ./app/main.o
 .debug_rnglists
                0x00000027       0x3e ./common/source/common.o
 .debug_rnglists
                0x00000065       0x79 ./common/source/syscalls.o
 .debug_rnglists
                0x000000de       0x13 ./common/source/sysmem.o
 .debug_rnglists
                0x000000f1       0x27 ./driver/drv_per/source/adc.o
 .debug_rnglists
                0x00000118       0x53 ./driver/drv_per/source/tim.o
 .debug_rnglists
                0x0000016b       0x38 ./driver/drv_per/source/usart.o
 .debug_rnglists
                0x000001a3       0x25 ./driver/drv_per/source/wdg.o
 .debug_rnglists
                0x000001c8       0x19 ./startup/startup_stm32f103c8tx.o

.debug_macro    0x00000000    0x140c6
 .debug_macro   0x00000000      0x253 ./app/example.o
 .debug_macro   0x00000253      0xac0 ./app/example.o
 .debug_macro   0x00000d13       0x22 ./app/example.o
 .debug_macro   0x00000d35       0x5b ./app/example.o
 .debug_macro   0x00000d90       0x24 ./app/example.o
 .debug_macro   0x00000db4       0x94 ./app/example.o
 .debug_macro   0x00000e48       0x43 ./app/example.o
 .debug_macro   0x00000e8b       0x34 ./app/example.o
 .debug_macro   0x00000ebf       0x16 ./app/example.o
 .debug_macro   0x00000ed5       0x57 ./app/example.o
 .debug_macro   0x00000f2c       0x9e ./app/example.o
 .debug_macro   0x00000fca      0x370 ./app/example.o
 .debug_macro   0x0000133a      0x112 ./app/example.o
 .debug_macro   0x0000144c       0x10 ./app/example.o
 .debug_macro   0x0000145c       0x16 ./app/example.o
 .debug_macro   0x00001472       0x4a ./app/example.o
 .debug_macro   0x000014bc       0x34 ./app/example.o
 .debug_macro   0x000014f0       0x10 ./app/example.o
 .debug_macro   0x00001500       0x58 ./app/example.o
 .debug_macro   0x00001558       0x8e ./app/example.o
 .debug_macro   0x000015e6       0x1c ./app/example.o
 .debug_macro   0x00001602      0x185 ./app/example.o
 .debug_macro   0x00001787       0x16 ./app/example.o
 .debug_macro   0x0000179d       0x16 ./app/example.o
 .debug_macro   0x000017b3      0x146 ./app/example.o
 .debug_macro   0x000018f9       0x10 ./app/example.o
 .debug_macro   0x00001909       0x22 ./app/example.o
 .debug_macro   0x0000192b      0x103 ./app/example.o
 .debug_macro   0x00001a2e       0x6a ./app/example.o
 .debug_macro   0x00001a98      0x1df ./app/example.o
 .debug_macro   0x00001c77       0x1c ./app/example.o
 .debug_macro   0x00001c93       0x22 ./app/example.o
 .debug_macro   0x00001cb5       0xbd ./app/example.o
 .debug_macro   0x00001d72      0xd46 ./app/example.o
 .debug_macro   0x00002ab8     0xfd8c ./app/example.o
 .debug_macro   0x00012844      0x10c ./app/example.o
 .debug_macro   0x00012950       0x3a ./app/example.o
 .debug_macro   0x0001298a       0x46 ./app/example.o
 .debug_macro   0x000129d0       0x16 ./app/example.o
 .debug_macro   0x000129e6       0x3c ./app/example.o
 .debug_macro   0x00012a22       0x20 ./app/example.o
 .debug_macro   0x00012a42       0x16 ./app/example.o
 .debug_macro   0x00012a58       0x22 ./app/example.o
 .debug_macro   0x00012a7a       0xb8 ./app/example.o
 .debug_macro   0x00012b32       0x1a ./app/main.o
 .debug_macro   0x00012b4c       0xf0 ./common/source/common.o
 .debug_macro   0x00012c3c       0x8e ./common/source/common.o
 .debug_macro   0x00012cca       0x51 ./common/source/common.o
 .debug_macro   0x00012d1b       0x58 ./common/source/common.o
 .debug_macro   0x00012d73       0x10 ./common/source/common.o
 .debug_macro   0x00012d83      0x274 ./common/source/syscalls.o
 .debug_macro   0x00012ff7      0x190 ./common/source/syscalls.o
 .debug_macro   0x00013187       0x10 ./common/source/syscalls.o
 .debug_macro   0x00013197       0x10 ./common/source/syscalls.o
 .debug_macro   0x000131a7       0x10 ./common/source/syscalls.o
 .debug_macro   0x000131b7       0x10 ./common/source/syscalls.o
 .debug_macro   0x000131c7       0x1c ./common/source/syscalls.o
 .debug_macro   0x000131e3       0x52 ./common/source/syscalls.o
 .debug_macro   0x00013235       0x22 ./common/source/syscalls.o
 .debug_macro   0x00013257       0x10 ./common/source/syscalls.o
 .debug_macro   0x00013267       0x52 ./common/source/syscalls.o
 .debug_macro   0x000132b9       0xcf ./common/source/syscalls.o
 .debug_macro   0x00013388       0x1c ./common/source/syscalls.o
 .debug_macro   0x000133a4       0x3d ./common/source/syscalls.o
 .debug_macro   0x000133e1       0x35 ./common/source/syscalls.o
 .debug_macro   0x00013416      0x12c ./common/source/syscalls.o
 .debug_macro   0x00013542       0x16 ./common/source/syscalls.o
 .debug_macro   0x00013558       0x16 ./common/source/syscalls.o
 .debug_macro   0x0001356e       0x29 ./common/source/syscalls.o
 .debug_macro   0x00013597       0x10 ./common/source/syscalls.o
 .debug_macro   0x000135a7      0x242 ./common/source/syscalls.o
 .debug_macro   0x000137e9       0x1c ./common/source/syscalls.o
 .debug_macro   0x00013805       0x10 ./common/source/syscalls.o
 .debug_macro   0x00013815      0x18a ./common/source/syscalls.o
 .debug_macro   0x0001399f       0x16 ./common/source/syscalls.o
 .debug_macro   0x000139b5       0xce ./common/source/syscalls.o
 .debug_macro   0x00013a83      0x112 ./common/source/sysmem.o
 .debug_macro   0x00013b95      0x23c ./common/source/sysmem.o
 .debug_macro   0x00013dd1       0xbd ./driver/drv_per/source/adc.o
 .debug_macro   0x00013e8e       0xb7 ./driver/drv_per/source/tim.o
 .debug_macro   0x00013f45       0xca ./driver/drv_per/source/usart.o
 .debug_macro   0x0001400f       0xb7 ./driver/drv_per/source/wdg.o

.debug_line     0x00000000     0x3f2b
 .debug_line    0x00000000      0x921 ./app/example.o
 .debug_line    0x00000921       0xd6 ./app/main.o
 .debug_line    0x000009f7      0x7c2 ./common/source/common.o
 .debug_line    0x000011b9      0x9d6 ./common/source/syscalls.o
 .debug_line    0x00001b8f      0x6b2 ./common/source/sysmem.o
 .debug_line    0x00002241      0x714 ./driver/drv_per/source/adc.o
 .debug_line    0x00002955      0x860 ./driver/drv_per/source/tim.o
 .debug_line    0x000031b5      0x70e ./driver/drv_per/source/usart.o
 .debug_line    0x000038c3      0x5ed ./driver/drv_per/source/wdg.o
 .debug_line    0x00003eb0       0x7b ./startup/startup_stm32f103c8tx.o

.debug_str      0x00000000    0x66991
 .debug_str     0x00000000    0x66991 ./app/example.o
                              0x6406b (size before relaxing)
 .debug_str     0x00066991     0x2ea2 ./app/main.o
 .debug_str     0x00066991    0x605f3 ./common/source/common.o
 .debug_str     0x00066991     0x99ce ./common/source/syscalls.o
 .debug_str     0x00066991     0x776c ./common/source/sysmem.o
 .debug_str     0x00066991    0x5fe93 ./driver/drv_per/source/adc.o
 .debug_str     0x00066991    0x5ff04 ./driver/drv_per/source/tim.o
 .debug_str     0x00066991    0x6043c ./driver/drv_per/source/usart.o
 .debug_str     0x00066991    0x5f9ca ./driver/drv_per/source/wdg.o
 .debug_str     0x00066991       0x98 ./startup/startup_stm32f103c8tx.o

.comment        0x00000000       0x43
 .comment       0x00000000       0x43 ./app/example.o
                                 0x44 (size before relaxing)
 .comment       0x00000043       0x44 ./app/main.o
 .comment       0x00000043       0x44 ./common/source/common.o
 .comment       0x00000043       0x44 ./common/source/syscalls.o
 .comment       0x00000043       0x44 ./common/source/sysmem.o
 .comment       0x00000043       0x44 ./driver/drv_per/source/adc.o
 .comment       0x00000043       0x44 ./driver/drv_per/source/tim.o
 .comment       0x00000043       0x44 ./driver/drv_per/source/usart.o
 .comment       0x00000043       0x44 ./driver/drv_per/source/wdg.o

.debug_frame    0x00000000      0xf18
 .debug_frame   0x00000000       0x30 ./app/example.o
 .debug_frame   0x00000030       0x2c ./app/main.o
 .debug_frame   0x0000005c      0x140 ./common/source/common.o
 .debug_frame   0x0000019c      0x2ac ./common/source/syscalls.o
 .debug_frame   0x00000448       0x34 ./common/source/sysmem.o
 .debug_frame   0x0000047c       0x90 ./driver/drv_per/source/adc.o
 .debug_frame   0x0000050c      0x1b8 ./driver/drv_per/source/tim.o
 .debug_frame   0x000006c4      0x118 ./driver/drv_per/source/usart.o
 .debug_frame   0x000007dc       0xa0 ./driver/drv_per/source/wdg.o
 .debug_frame   0x0000087c      0x144 D:/1_sw_install/STM32CubeIDE_1.18.0/STM32CubeIDE/plugins/com.st.stm32cube.ide.mcu.externaltools.gnu-tools-for-stm32.13.3.rel1.win32_1.0.0.202411081344/tools/bin/../lib/gcc/arm-none-eabi/13.3.1/../../../../arm-none-eabi/lib/thumb/v7-m/nofp\libc_nano.a(libc_a-findfp.o)
 .debug_frame   0x000009c0       0x34 D:/1_sw_install/STM32CubeIDE_1.18.0/STM32CubeIDE/plugins/com.st.stm32cube.ide.mcu.externaltools.gnu-tools-for-stm32.13.3.rel1.win32_1.0.0.202411081344/tools/bin/../lib/gcc/arm-none-eabi/13.3.1/../../../../arm-none-eabi/lib/thumb/v7-m/nofp\libc_nano.a(libc_a-fwalk.o)
 .debug_frame   0x000009f4       0x3c D:/1_sw_install/STM32CubeIDE_1.18.0/STM32CubeIDE/plugins/com.st.stm32cube.ide.mcu.externaltools.gnu-tools-for-stm32.13.3.rel1.win32_1.0.0.202411081344/tools/bin/../lib/gcc/arm-none-eabi/13.3.1/../../../../arm-none-eabi/lib/thumb/v7-m/nofp\libc_nano.a(libc_a-puts.o)
 .debug_frame   0x00000a30       0x88 D:/1_sw_install/STM32CubeIDE_1.18.0/STM32CubeIDE/plugins/com.st.stm32cube.ide.mcu.externaltools.gnu-tools-for-stm32.13.3.rel1.win32_1.0.0.202411081344/tools/bin/../lib/gcc/arm-none-eabi/13.3.1/../../../../arm-none-eabi/lib/thumb/v7-m/nofp\libc_nano.a(libc_a-stdio.o)
 .debug_frame   0x00000ab8       0x40 D:/1_sw_install/STM32CubeIDE_1.18.0/STM32CubeIDE/plugins/com.st.stm32cube.ide.mcu.externaltools.gnu-tools-for-stm32.13.3.rel1.win32_1.0.0.202411081344/tools/bin/../lib/gcc/arm-none-eabi/13.3.1/../../../../arm-none-eabi/lib/thumb/v7-m/nofp\libc_nano.a(libc_a-wbuf.o)
 .debug_frame   0x00000af8       0x2c D:/1_sw_install/STM32CubeIDE_1.18.0/STM32CubeIDE/plugins/com.st.stm32cube.ide.mcu.externaltools.gnu-tools-for-stm32.13.3.rel1.win32_1.0.0.202411081344/tools/bin/../lib/gcc/arm-none-eabi/13.3.1/../../../../arm-none-eabi/lib/thumb/v7-m/nofp\libc_nano.a(libc_a-wsetup.o)
 .debug_frame   0x00000b24       0x20 D:/1_sw_install/STM32CubeIDE_1.18.0/STM32CubeIDE/plugins/com.st.stm32cube.ide.mcu.externaltools.gnu-tools-for-stm32.13.3.rel1.win32_1.0.0.202411081344/tools/bin/../lib/gcc/arm-none-eabi/13.3.1/../../../../arm-none-eabi/lib/thumb/v7-m/nofp\libc_nano.a(libc_a-memset.o)
 .debug_frame   0x00000b44       0x2c D:/1_sw_install/STM32CubeIDE_1.18.0/STM32CubeIDE/plugins/com.st.stm32cube.ide.mcu.externaltools.gnu-tools-for-stm32.13.3.rel1.win32_1.0.0.202411081344/tools/bin/../lib/gcc/arm-none-eabi/13.3.1/../../../../arm-none-eabi/lib/thumb/v7-m/nofp\libc_nano.a(libc_a-closer.o)
 .debug_frame   0x00000b70       0x38 D:/1_sw_install/STM32CubeIDE_1.18.0/STM32CubeIDE/plugins/com.st.stm32cube.ide.mcu.externaltools.gnu-tools-for-stm32.13.3.rel1.win32_1.0.0.202411081344/tools/bin/../lib/gcc/arm-none-eabi/13.3.1/../../../../arm-none-eabi/lib/thumb/v7-m/nofp\libc_nano.a(libc_a-reent.o)
 .debug_frame   0x00000ba8       0x2c D:/1_sw_install/STM32CubeIDE_1.18.0/STM32CubeIDE/plugins/com.st.stm32cube.ide.mcu.externaltools.gnu-tools-for-stm32.13.3.rel1.win32_1.0.0.202411081344/tools/bin/../lib/gcc/arm-none-eabi/13.3.1/../../../../arm-none-eabi/lib/thumb/v7-m/nofp\libc_nano.a(libc_a-lseekr.o)
 .debug_frame   0x00000bd4       0x2c D:/1_sw_install/STM32CubeIDE_1.18.0/STM32CubeIDE/plugins/com.st.stm32cube.ide.mcu.externaltools.gnu-tools-for-stm32.13.3.rel1.win32_1.0.0.202411081344/tools/bin/../lib/gcc/arm-none-eabi/13.3.1/../../../../arm-none-eabi/lib/thumb/v7-m/nofp\libc_nano.a(libc_a-readr.o)
 .debug_frame   0x00000c00       0x2c D:/1_sw_install/STM32CubeIDE_1.18.0/STM32CubeIDE/plugins/com.st.stm32cube.ide.mcu.externaltools.gnu-tools-for-stm32.13.3.rel1.win32_1.0.0.202411081344/tools/bin/../lib/gcc/arm-none-eabi/13.3.1/../../../../arm-none-eabi/lib/thumb/v7-m/nofp\libc_nano.a(libc_a-writer.o)
 .debug_frame   0x00000c2c       0x20 D:/1_sw_install/STM32CubeIDE_1.18.0/STM32CubeIDE/plugins/com.st.stm32cube.ide.mcu.externaltools.gnu-tools-for-stm32.13.3.rel1.win32_1.0.0.202411081344/tools/bin/../lib/gcc/arm-none-eabi/13.3.1/../../../../arm-none-eabi/lib/thumb/v7-m/nofp\libc_nano.a(libc_a-errno.o)
 .debug_frame   0x00000c4c       0x2c D:/1_sw_install/STM32CubeIDE_1.18.0/STM32CubeIDE/plugins/com.st.stm32cube.ide.mcu.externaltools.gnu-tools-for-stm32.13.3.rel1.win32_1.0.0.202411081344/tools/bin/../lib/gcc/arm-none-eabi/13.3.1/../../../../arm-none-eabi/lib/thumb/v7-m/nofp\libc_nano.a(libc_a-init.o)
 .debug_frame   0x00000c78       0xb0 D:/1_sw_install/STM32CubeIDE_1.18.0/STM32CubeIDE/plugins/com.st.stm32cube.ide.mcu.externaltools.gnu-tools-for-stm32.13.3.rel1.win32_1.0.0.202411081344/tools/bin/../lib/gcc/arm-none-eabi/13.3.1/../../../../arm-none-eabi/lib/thumb/v7-m/nofp\libc_nano.a(libc_a-lock.o)
 .debug_frame   0x00000d28       0x38 D:/1_sw_install/STM32CubeIDE_1.18.0/STM32CubeIDE/plugins/com.st.stm32cube.ide.mcu.externaltools.gnu-tools-for-stm32.13.3.rel1.win32_1.0.0.202411081344/tools/bin/../lib/gcc/arm-none-eabi/13.3.1/../../../../arm-none-eabi/lib/thumb/v7-m/nofp\libc_nano.a(libc_a-freer.o)
 .debug_frame   0x00000d60       0x50 D:/1_sw_install/STM32CubeIDE_1.18.0/STM32CubeIDE/plugins/com.st.stm32cube.ide.mcu.externaltools.gnu-tools-for-stm32.13.3.rel1.win32_1.0.0.202411081344/tools/bin/../lib/gcc/arm-none-eabi/13.3.1/../../../../arm-none-eabi/lib/thumb/v7-m/nofp\libc_nano.a(libc_a-mallocr.o)
 .debug_frame   0x00000db0       0x30 D:/1_sw_install/STM32CubeIDE_1.18.0/STM32CubeIDE/plugins/com.st.stm32cube.ide.mcu.externaltools.gnu-tools-for-stm32.13.3.rel1.win32_1.0.0.202411081344/tools/bin/../lib/gcc/arm-none-eabi/13.3.1/../../../../arm-none-eabi/lib/thumb/v7-m/nofp\libc_nano.a(libc_a-mlock.o)
 .debug_frame   0x00000de0       0x5c D:/1_sw_install/STM32CubeIDE_1.18.0/STM32CubeIDE/plugins/com.st.stm32cube.ide.mcu.externaltools.gnu-tools-for-stm32.13.3.rel1.win32_1.0.0.202411081344/tools/bin/../lib/gcc/arm-none-eabi/13.3.1/../../../../arm-none-eabi/lib/thumb/v7-m/nofp\libc_nano.a(libc_a-fflush.o)
 .debug_frame   0x00000e3c       0x58 D:/1_sw_install/STM32CubeIDE_1.18.0/STM32CubeIDE/plugins/com.st.stm32cube.ide.mcu.externaltools.gnu-tools-for-stm32.13.3.rel1.win32_1.0.0.202411081344/tools/bin/../lib/gcc/arm-none-eabi/13.3.1/../../../../arm-none-eabi/lib/thumb/v7-m/nofp\libc_nano.a(libc_a-makebuf.o)
 .debug_frame   0x00000e94       0x2c D:/1_sw_install/STM32CubeIDE_1.18.0/STM32CubeIDE/plugins/com.st.stm32cube.ide.mcu.externaltools.gnu-tools-for-stm32.13.3.rel1.win32_1.0.0.202411081344/tools/bin/../lib/gcc/arm-none-eabi/13.3.1/../../../../arm-none-eabi/lib/thumb/v7-m/nofp\libc_nano.a(libc_a-fstatr.o)
 .debug_frame   0x00000ec0       0x2c D:/1_sw_install/STM32CubeIDE_1.18.0/STM32CubeIDE/plugins/com.st.stm32cube.ide.mcu.externaltools.gnu-tools-for-stm32.13.3.rel1.win32_1.0.0.202411081344/tools/bin/../lib/gcc/arm-none-eabi/13.3.1/../../../../arm-none-eabi/lib/thumb/v7-m/nofp\libc_nano.a(libc_a-isattyr.o)
 .debug_frame   0x00000eec       0x2c D:/1_sw_install/STM32CubeIDE_1.18.0/STM32CubeIDE/plugins/com.st.stm32cube.ide.mcu.externaltools.gnu-tools-for-stm32.13.3.rel1.win32_1.0.0.202411081344/tools/bin/../lib/gcc/arm-none-eabi/13.3.1/../../../../arm-none-eabi/lib/thumb/v7-m/nofp\libc_nano.a(libc_a-sbrkr.o)

.debug_line_str
                0x00000000       0x7c
 .debug_line_str
                0x00000000       0x7c ./startup/startup_stm32f103c8tx.o
